// Jest Snapshot v1, https://goo.gl/fbAQLP

exports[`TransactionBadge should render 1`] = `
<span
  className="badge badge-light transaction-badge-amount"
>
  10.00$
</span>
`;
